# Query: 16219655761820A2

★ ★ ★ ★ ★ 100分

```sql

SELECT  
  1
```

##  ✔️

