# Query: E813EA038141E9CE

★ ★ ★ ★ ☆ 90分

```sql

SELECT  
  a  
FROM  
  b  
  JOIN  c  
  JOIN  d
```

## 减少 JOIN 的数量

* **Item:**  JOI.005

* **Severity:**  L2

* **Content:**  太多的 JOIN 是复杂的裹脚布式查询的症状。考虑将复杂查询分解成许多简单的查询，并减少 JOIN 的数量。

