select country_id from city where (col2 in (1, 2)) or col1 in (1, 3)
