select country_id from city union all select country_id from country
